     1                                  section .rodata
     2 00000000 55736167653A0A2020-         usage_msg       db "Usage:", 10, "        <program> <base> <number> <epsilon>", 10, 0
     2 00000009 2020202020203C7072-
     2 00000012 6F6772616D3E203C62-
     2 0000001B 6173653E203C6E756D-
     2 00000024 6265723E203C657073-
     2 0000002D 696C6F6E3E0A00     
     3 00000034 6C6F675F28252E3066-         fmt_out         db "log_(%.0f)(%.0f) = %.16g", 10, 0
     3 0000003D 2928252E306629203D-
     3 00000046 20252E3136670A00   
     4 0000004E 256C6600                    fmt_double      db "%lf", 0
     5 00000052 000000000000F03F            float_one       dq 1.0
     6                                  
     7                                  section .text
     8                                      global main
     9                                      extern sscanf
    10                                      extern printf
    11                                      extern fprintf
    12                                      extern stderr
    13                                  
    14                                  main:
    15 00000000 55                          push rbp
    16 00000001 4889E5                      mov rbp, rsp
    17 00000004 53                          push rbx                ; Save callee-saved register
    18 00000005 4883EC28                    sub rsp, 40             ; Allocation space for local variables (16-byte aligned)
    19                                                              ; [rbp-16] = saved rbx
    20                                                              ; [rbp-24] = base (double)
    21                                                              ; [rbp-32] = number (double)
    22                                                              ; [rbp-40] = epsilon (double)
    23                                  
    24                                      ; Validate argument count (argc must be exactly 4)
    25 00000009 4883FF04                    cmp rdi, 4
    26 0000000D 0F859B000000                jne .print_usage
    27                                  
    28 00000013 4889F3                      mov rbx, rsi            ; Save argv string array pointer
    29                                  
    30                                      ; Parse base
    31 00000016 488B7B08                    mov rdi, [rbx + 8]      
    32 0000001A 48BE-                       mov rsi, fmt_double     
    32 0000001C [4E00000000000000] 
    33 00000024 488D55E8                    lea rdx, [rbp - 24]     
    34 00000028 31C0                        xor eax, eax
    35 0000002A E8(00000000)                call sscanf
    36 0000002F 83F801                      cmp eax, 1
    37 00000032 757A                        jne .print_usage
    38                                  
    39                                      ; Parse number
    40 00000034 488B7B10                    mov rdi, [rbx + 16]     
    41 00000038 48BE-                       mov rsi, fmt_double     
    41 0000003A [4E00000000000000] 
    42 00000042 488D55E0                    lea rdx, [rbp - 32]     
    43 00000046 31C0                        xor eax, eax
    44 00000048 E8(00000000)                call sscanf
    45 0000004D 83F801                      cmp eax, 1
    46 00000050 755C                        jne .print_usage
    47                                  
    48                                      ; Parse epsilon
    49 00000052 488B7B18                    mov rdi, [rbx + 24]     
    50 00000056 48BE-                       mov rsi, fmt_double     
    50 00000058 [4E00000000000000] 
    51 00000060 488D55D8                    lea rdx, [rbp - 40]     
    52 00000064 31C0                        xor eax, eax
    53 00000066 E8(00000000)                call sscanf
    54 0000006B 83F801                      cmp eax, 1
    55 0000006E 753E                        jne .print_usage
    56                                  
    57                                      ; Execute core calculation
    58 00000070 F20F1045E8                  movsd xmm0, [rbp - 24]  ; base (a)
    59 00000075 F20F104DE0                  movsd xmm1, [rbp - 32]  ; number (b)
    60 0000007A F20F1055D8                  movsd xmm2, [rbp - 40]  ; epsilon
    61 0000007F E84F000000                  call compute_log
    62                                  
    63                                      ; Output formatted calculations
    64 00000084 F20F10D8                    movsd xmm3, xmm0        ; Temp swap calculation result to safety
    65 00000088 48BF-                       mov rdi, fmt_out
    65 0000008A [3400000000000000] 
    66 00000092 F20F1045E8                  movsd xmm0, [rbp - 24]  ; original base
    67 00000097 F20F104DE0                  movsd xmm1, [rbp - 32]  ; original number
    68 0000009C F20F10D3                    movsd xmm2, xmm3        ; result
    69 000000A0 B803000000                  mov eax, 3              ; 3 vector float arguments populated
    70 000000A5 E8(00000000)                call printf
    71                                  
    72 000000AA 31C0                        xor eax, eax
    73 000000AC EB1E                        jmp .exit
    74                                  
    75                                  .print_usage:
    76 000000AE 488B3C25[00000000]          mov rdi, [stderr]
    77 000000B6 48BE-                       mov rsi, usage_msg
    77 000000B8 [0000000000000000] 
    78 000000C0 31C0                        xor eax, eax
    79 000000C2 E8(00000000)                call fprintf
    80 000000C7 B801000000                  mov eax, 1
    81                                  
    82                                  .exit:
    83 000000CC 4883C428                    add rsp, 40
    84 000000D0 5B                          pop rbx
    85 000000D1 5D                          pop rbp
    86 000000D2 C3                          ret
    87                                  
    88                                  ; -----------------------------------------------------------------------------
    89                                  ; compute_log: Corrected Base Evaluation Framework
    90                                  ; -----------------------------------------------------------------------------
    91                                  compute_log:
    92 000000D3 55                          push rbp
    93 000000D4 4889E5                      mov rbp, rsp
    94 000000D7 4883EC20                    sub rsp, 32
    95                                      
    96 000000DB F20F1145F8                  movsd [rbp - 8], xmm0   ; a
    97 000000E0 F20F114DF0                  movsd [rbp - 16], xmm1  ; b
    98 000000E5 F20F1155E8                  movsd [rbp - 24], xmm2  ; eps
    99                                  
   100                                      ; Base Case Guard: If b <= 1.0 (or within epsilon distance of 1.0), return 0
   101 000000EA F20F101C25-                 movsd xmm3, [float_one]
   101 000000EF [52000000]         
   102 000000F3 660F2FCB                    comisd xmm1, xmm3
   103 000000F7 7678                        jbe .return_zero
   104                                  
   105                                      ; --- Case 1: If a > b ---
   106 000000F9 660F2FC1                    comisd xmm0, xmm1
   107 000000FD 7740                        ja .case_greater
   108                                  
   109                                      ; --- Case 2: Otherwise, if b/a < (1.0 + eps) ---
   110 000000FF F20F10C1                    movsd xmm0, xmm1
   111 00000103 F20F5E45F8                  divsd xmm0, [rbp - 8]   ; xmm0 = b / a
   112                                      
   113                                      ; Add termination safeguard: if b/a is basically 1.0, stop recursion loop
   114 00000108 F20F101C25-                 movsd xmm3, [float_one]
   114 0000010D [52000000]         
   115 00000111 F20F585DE8                  addsd xmm3, [rbp - 24]  ; 1.0 + eps
   116 00000116 660F2FC3                    comisd xmm0, xmm3
   117 0000011A 764A                        jbe .case_epsilon_reached
   118                                  
   119                                      ; --- Case 3: Otherwise, return 1 + log_a(b / a) ---
   120 0000011C F20F1045F8                  movsd xmm0, [rbp - 8]   ; structural base 'a' remains unchanged
   121 00000121 F20F104DF0                  movsd xmm1, [rbp - 16]  
   122 00000126 F20F5EC8                    divsd xmm1, xmm0        ; reduce parameters: new b = b / a
   123 0000012A F20F1055E8                  movsd xmm2, [rbp - 24]  
   124 0000012F E89FFFFFFF                  call compute_log        
   125                                      
   126 00000134 F20F580425-                 addsd xmm0, [float_one] 
   126 00000139 [52000000]         
   127 0000013D EB36                        jmp .done
   128                                  
   129                                  .case_greater:
   130                                      ; return 1.0 / log_b(a)
   131 0000013F F20F1045F0                  movsd xmm0, [rbp - 16]  ; inverted base = b
   132 00000144 F20F104DF8                  movsd xmm1, [rbp - 8]   ; inverted target = a
   133 00000149 F20F1055E8                  movsd xmm2, [rbp - 24]  
   134 0000014E E880FFFFFF                  call compute_log        
   135                                      
   136 00000153 F20F100C25-                 movsd xmm1, [float_one]
   136 00000158 [52000000]         
   137 0000015C F20F5EC8                    divsd xmm1, xmm0        ; 1.0 / log_b(a)
   138 00000160 F20F10C1                    movsd xmm0, xmm1
   139 00000164 EB0F                        jmp .done
   140                                  
   141                                  .case_epsilon_reached:
   142 00000166 F20F100425-                 movsd xmm0, [float_one] 
   142 0000016B [52000000]         
   143 0000016F EB04                        jmp .done
   144                                  
   145                                  .return_zero:
   146 00000171 660F57C0                    xorpd xmm0, xmm0        ; clean register to return absolute 0.0 value
   147                                  
   148                                  .done:
   149 00000175 C9                          leave
   150 00000176 C3                          ret
